%!Adobe-FontList 1.13
%Locale:0x340a

%BeginFont
Handler:DirectoryHandler
FontType:Invalid
OutlineFileName:C:\xampp\htdocs\cossio\Font\BebasNeue-webfont.eot
FileModTime:1305727454
%EndFont

%BeginFont
Handler:DirectoryHandler
FontType:Invalid
OutlineFileName:C:\xampp\htdocs\cossio\Font\BebasNeue-webfont.svg
FileModTime:1305727454
%EndFont

%BeginFont
Handler:DirectoryHandler
FontType:TrueType
FontName:BebasNeue
FamilyName:Bebas Neue
StyleName:Regular
FullName:Bebas Neue Regular
MenuName:Bebas Neue
StyleBits:0
WritingScript:Roman
OutlineFileName:C:\xampp\htdocs\cossio\Font\BebasNeue-webfont.ttf
DataFormat:sfntData
FileLength:26320
FileModTime:1305727452
WeightClass:400
WidthClass:5
AngleClass:0
%EndFont

%BeginFont
Handler:DirectoryHandler
FontType:Invalid
OutlineFileName:C:\xampp\htdocs\cossio\Font\BebasNeue-webfont.woff
FileModTime:1305727454
%EndFont

%BeginFont
Handler:DirectoryHandler
FontType:Invalid
OutlineFileName:C:\xampp\htdocs\cossio\Font\generator_config.txt
FileModTime:1336940300
%EndFont

%BeginFont
Handler:DirectoryHandler
FontType:Invalid
OutlineFileName:C:\xampp\htdocs\cossio\Font\officinasansstd-bookitalic-demo.html
FileModTime:1336940300
%EndFont

%BeginFont
Handler:DirectoryHandler
FontType:Invalid
OutlineFileName:C:\xampp\htdocs\cossio\Font\officinasansstd-bookitalic-webfont.eot
FileModTime:1336940300
%EndFont

%BeginFont
Handler:DirectoryHandler
FontType:TrueType
FontName:OfficinaSansStd-BookItalic
FamilyName:ITC Officina Sans Std
StyleName:Book Italic
FullName:ITC Officina Sans Std Book Italic
MenuName:ITC Officina Sans Std Book
StyleBits:1
WritingScript:Roman
OutlineFileName:C:\xampp\htdocs\cossio\Font\officinasansstd-bookitalic-webfont.ttf
DataFormat:sfntData
FileLength:65496
FileModTime:1336940300
WeightClass:400
WidthClass:5
AngleClass:1
%EndFont

%BeginFont
Handler:DirectoryHandler
FontType:Invalid
OutlineFileName:C:\xampp\htdocs\cossio\Font\officinasansstd-bookitalic-webfont.woff
FileModTime:1336940300
%EndFont

%BeginFont
Handler:DirectoryHandler
FontType:Invalid
OutlineFileName:C:\xampp\htdocs\cossio\Font\stylesheet.css
FileModTime:1336940300
%EndFont

%BeginFont
Handler:DirectoryHandler
FontType:Invalid
OutlineFileName:C:\xampp\htdocs\cossio\Font\specimen_files\easytabs.js
FileModTime:1336940300
%EndFont

%BeginFont
Handler:DirectoryHandler
FontType:Invalid
OutlineFileName:C:\xampp\htdocs\cossio\Font\specimen_files\grid_12-825-55-15.css
FileModTime:1336940300
%EndFont

%BeginFont
Handler:DirectoryHandler
FontType:Invalid
OutlineFileName:C:\xampp\htdocs\cossio\Font\specimen_files\officinasansstd-bookitalic-cleartype.png
FileModTime:1336940300
%EndFont

%BeginFont
Handler:DirectoryHandler
FontType:Invalid
OutlineFileName:C:\xampp\htdocs\cossio\Font\specimen_files\specimen_stylesheet.css
FileModTime:1336940300
%EndFont

%BeginFont
Handler:DirectoryHandler
FontType:Invalid
OutlineFileName:C:\xampp\htdocs\cossio\Font\bloodymargin\bebas__-webfont.eot
FileModTime:1334342344
%EndFont

%BeginFont
Handler:DirectoryHandler
FontType:Invalid
OutlineFileName:C:\xampp\htdocs\cossio\Font\bloodymargin\bebas__-webfont.svg
FileModTime:1334342346
%EndFont

%BeginFont
Handler:DirectoryHandler
FontType:TrueType
FontName:Bebas
FamilyName:Bebas
StyleName:Regular
FullName:Bebas Regular
MenuName:Bebas
StyleBits:0
WritingScript:Roman
OutlineFileName:C:\xampp\htdocs\cossio\Font\bloodymargin\bebas__-webfont.ttf
DataFormat:sfntData
FileLength:25112
FileModTime:1334342344
WeightClass:400
WidthClass:5
AngleClass:0
%EndFont

%BeginFont
Handler:DirectoryHandler
FontType:Invalid
OutlineFileName:C:\xampp\htdocs\cossio\Font\bloodymargin\bebas__-webfont.woff
FileModTime:1334342346
%EndFont

